---
source: components/markdown/tests/markdown.rs
expression: body
snapshot_kind: text
---
<p><a href="https://getzola.org/about/">about</a></p>
