---
source: components/markdown/tests/markdown.rs
expression: body
snapshot_kind: text
---
<p><a rel="noopener nofollow noreferrer" target="_blank" href="https://google.com">https://google.com</a></p>
