---
source: components/markdown/tests/markdown.rs
expression: summary
---
<p>Hello (in en)</p>
