---
source: components/markdown/tests/markdown.rs
expression: body
---
<dl>
<dt>term</dt>
<dd>definition</dd>
</dl>
