---
source: components/markdown/tests/summary.rs
expression: body
---
<p>Things to do:</p>
<ul>
<li>Program&hellip;
</li>
</ul>
