---
source: components/markdown/tests/summary.rs
expression: body
---
<p>Hello world.</p>
