---
source: components/markdown/src/markdown.rs
expression: html
---
<p>Some text <em>without</em> footnotes.</p>
<p>Only <del>fancy</del> formatting.</p>
